---
source: crates/rsonpath-lib/tests/engine_serialization_snapshots.rs
expression: "&engine(\"$.jsonpath[*]\")?"
snapshot_kind: text
---
(V1, Automaton(
  states: [
    StateTable(
      attributes: StateAttributes(2),
      member_transitions: [],
      array_transitions: [],
      fallback_state: State(0),
    ),
    StateTable(
      attributes: StateAttributes(4),
      member_transitions: [
        (StringPattern(JsonString(
          quoted: "\"jsonpath\"",
        )), State(2)),
      ],
      array_transitions: [],
      fallback_state: State(0),
    ),
    StateTable(
      attributes: StateAttributes(8),
      member_transitions: [],
      array_transitions: [],
      fallback_state: State(3),
    ),
    StateTable(
      attributes: StateAttributes(1),
      member_transitions: [],
      array_transitions: [],
      fallback_state: State(0),
    ),
  ],
))
